
> kaos-kami-mobile@1.0.0 build
> next build

  ▲ Next.js 14.2.15
  - Environments: .env.local
  - Experiments (use with caution):
    · esmExternals

   Creating an optimized production build ...
 ⚠ Compiled with warnings

./node_modules/@mediapipe/tasks-vision/vision_bundle.mjs
Critical dependency: the request of a dependency is an expression

Import trace for requested module:
./node_modules/@mediapipe/tasks-vision/vision_bundle.mjs
./src/lib/3d/mediaPipePoseTracker.ts
./src/components/3d/ARPreviewStage.tsx
./src/app/page.tsx

 ✓ Compiled successfully
   Linting and checking validity of types ...
   Collecting page data ...
   Generating static pages (0/4) ...
   Generating static pages (1/4) 
   Generating static pages (2/4) 
   Generating static pages (3/4) 
 ✓ Generating static pages (4/4)
   Finalizing page optimization ...
   Collecting build traces ...

Route (app)                              Size     First Load JS
┌ ○ /                                    93.3 kB         181 kB
└ ○ /_not-found                          873 B          88.6 kB
+ First Load JS shared by all            87.7 kB
  ├ chunks/364-185cd0e67df700b6.js       31.7 kB
  ├ chunks/618f8807-0c267c1c50f163f7.js  53.6 kB
  └ other shared chunks (total)          2.36 kB


○  (Static)  prerendered as static content

