
┌──────────────────────────────┐
│ OpenNext — Cloudflare deploy │
└──────────────────────────────┘

WARN OpenNext is not fully compatible with Windows.
WARN For optimal performance, it is recommended to use Windows Subsystem for Linux (WSL).
WARN While OpenNext may function on Windows, it could encounter unpredictable failures during runtime.
Monorepo detected at D:\Vibe coding Semester 7\Kaos Kami
Using secrets defined in .dev.vars
[33m▲ [43;33m[[43;30mWARNING[43;33m][0m [1mMissing required secrets: DUITKU_MERCHANT_CODE, DUITKU_API_KEY, CLOUDFLARE_API_TOKEN, FONNTE_TOKEN. Add them to .dev.vars, .env, or set as environment variables.[0m



Populating remote R2 incremental cache...
Monorepo detected at D:\Vibe coding Semester 7\Kaos Kami
[0G  7%|███                                          | 1/14 [00:00:<00:00:, 0.00it/s][0G 14%|██████                                       | 2/14 [00:00:<00:00:, 83.33it/s][0G 21%|█████████                                    | 3/14 [00:00:<00:00:, 107.14it/s][0G 28%|████████████                                 | 4/14 [00:00:<00:00:, 125.00it/s][0G 35%|████████████████                             | 5/14 [00:00:<00:00:, 142.86it/s][0G 42%|███████████████████                          | 6/14 [00:00:<00:00:, 157.89it/s][0G 50%|██████████████████████                       | 7/14 [00:00:<00:00:, 166.67it/s][0G 57%|█████████████████████████                    | 8/14 [00:00:<00:00:, 181.82it/s][0G 64%|████████████████████████████                 | 9/14 [00:00:<00:00:, 191.49it/s][0G 71%|████████████████████████████████             | 10/14 [00:00:<00:00:, 188.68it/s][0G 78%|███████████████████████████████████          | 11/14 [00:00:<00:00:, 200.00it/s][0G 85%|██████████████████████████████████████       | 12/14 [00:00:<00:00:, 210.53it/s][0G 92%|█████████████████████████████████████████    | 13/14 [00:00:<00:00:, 224.14it/s][0G100%|█████████████████████████████████████████████| 14/14 [00:00:<00:00:, 225.81it/s]
Successfully populated cache with 14 entries
Tag cache does not need populating

 ⛅️ wrangler 4.127.1
────────────────────
🌀 Building list of assets...
✨ Read 149 files from the assets directory D:\Vibe coding Semester 7\Kaos Kami\kaos-kami-web\.open-next\assets
🌀 Starting asset upload...
🌀 Found 25 new or modified static assets to upload. Proceeding with upload...
+ /BUILD_ID
+ /_next/static/chunks/app/admin/coupons/page-da1b864858e9eb54.js
+ /_next/static/chunks/app/render/[designId]/page-e4b8179318305d41.js
+ /_next/static/chunks/4683.bf8f0e9e93386cd8.js
+ /_next/static/chunks/app/layout-8e719f058652ac7f.js
+ /_next/static/chunks/app/admin/production/page-56b56991d670c523.js
+ /_next/static/chunks/app/page-52ad4ec7da125963.js
+ /_next/static/chunks/775-471ab74e3b2263ff.js
+ /_next/static/chunks/8102-90561b27f013ffe7.js
+ /_next/static/chunks/app/admin/catalog/page-25c5cd02b2edf61b.js
+ /_next/static/chunks/app/admin/customers/page-803355307c536bbb.js
+ /_next/static/chunks/5933.fe216372e5dd43de.js
+ /_next/static/chunks/app/studio/page-aa7e9f71b454c55b.js
+ /_next/static/chunks/app/dashboard/orders/page-305c8b8a7f827947.js
+ /_next/static/chunks/3751-1c9122c94859e1fc.js
+ /_next/static/chunks/6384-95c60480bc40ca21.js
+ /_next/static/css/a2b32ed22e54d1bb.css
+ /_next/static/chunks/app/admin/cms/page-7ae9191faa513d8b.js
+ /_next/static/chunks/app/admin/settings/page-4b5092484333fe33.js
+ /_next/static/chunks/app/admin/orders/[id]/page-fecc483e564a95e2.js
+ /_next/static/chunks/webpack-f3b1a22318cb92fe.js
+ /_next/static/chunks/80-23679cf057abd6d6.js
+ /_next/static/chunks/app/catalog/page-48f4032299a55fa8.js
+ /_next/static/chunks/6326-7938b8f285fd96a5.js
+ /_next/static/chunks/main-0cdca3371d2d0e27.js
Uploaded 8 of 25 assets
Uploaded 16 of 25 assets
Uploaded 25 of 25 assets
✨ Success! Uploaded 25 files (85 already uploaded) (7.02 sec)

Total Upload: 10592.75 KiB / gzip: 2231.74 KiB
Worker Startup Time: 27 ms
Your Worker has access to the following bindings:
Binding                                                                             Resource                  
env.NEXT_INC_CACHE_R2_BUCKET (kaos-kami-3d-opennext-cache)                          R2 Bucket                 
env.WORKER_SELF_REFERENCE (kaos-kami-3d)                                            Worker                    
env.IMAGES                                                                          Images                    
env.ASSETS                                                                          Assets                    
env.NEXT_PUBLIC_SITE_URL ("https://kaos-kami-3d.hengkisetiawan46...")               Environment Variable      
env.NEXT_PUBLIC_GA_MEASUREMENT_ID ("G-W3VHM4G0TW")                                  Environment Variable      
env.BETTER_AUTH_URL ("https://kaos-kami-3d.hengkisetiawan46...")                    Environment Variable      
env.DATABASE_URL ("libsql://kaos-kami-hengki164.aws-ap-n...")                       Environment Variable      
env.TURSO_DATABASE_URL ("libsql://kaos-kami-hengki164.aws-ap-n...")                 Environment Variable      
env.CLOUDFLARE_ACCOUNT_ID ("6c660b71ad4e72f3bc343252a7c5e825")                      Environment Variable      
env.R2_BUCKET_NAME ("kaos-kami-assets")                                             Environment Variable      
env.R2_PUBLIC_URL ("https://pub-5746f36a46904edc8425ecd72...")                      Environment Variable      

Uploaded kaos-kami-3d (113.99 sec)
Deployed kaos-kami-3d triggers (3.61 sec)
  https://kaos-kami-3d.hengkisetiawan461.workers.dev
Current Version ID: aaac1e80-0c73-4088-8143-ecafdfd2b887
