
┌──────────────────────────────┐
│ OpenNext — Cloudflare deploy │
└──────────────────────────────┘

WARN OpenNext is not fully compatible with Windows.
WARN For optimal performance, it is recommended to use Windows Subsystem for Linux (WSL).
WARN While OpenNext may function on Windows, it could encounter unpredictable failures during runtime.
Monorepo detected at D:\Vibe coding Semester 7\Kaos Kami
Using secrets defined in .dev.vars
[33m▲ [43;33m[[43;30mWARNING[43;33m][0m [1mMissing required secrets: DUITKU_MERCHANT_CODE, DUITKU_API_KEY, CLOUDFLARE_API_TOKEN, FONNTE_TOKEN. Add them to .dev.vars, .env, or set as environment variables.[0m



Populating remote R2 incremental cache...
Monorepo detected at D:\Vibe coding Semester 7\Kaos Kami
[0G  7%|███                                          | 1/14 [00:00:<00:00:, 0.00it/s][0G 14%|██████                                       | 2/14 [00:00:<00:00:, 47.62it/s][0G 21%|█████████                                    | 3/14 [00:00:<00:00:, 62.50it/s][0G 28%|████████████                                 | 4/14 [00:00:<00:00:, 71.43it/s][0G 35%|████████████████                             | 5/14 [00:00:<00:00:, 84.75it/s][0G 42%|███████████████████                          | 6/14 [00:00:<00:00:, 93.75it/s][0G 50%|██████████████████████                       | 7/14 [00:00:<00:00:, 98.59it/s][0G 57%|█████████████████████████                    | 8/14 [00:00:<00:00:, 106.67it/s][0G 64%|████████████████████████████                 | 9/14 [00:00:<00:00:, 113.92it/s][0G 71%|████████████████████████████████             | 10/14 [00:00:<00:00:, 111.11it/s][0G 78%|███████████████████████████████████          | 11/14 [00:00:<00:00:, 115.79it/s][0G 85%|██████████████████████████████████████       | 12/14 [00:00:<00:00:, 122.45it/s][0G 92%|█████████████████████████████████████████    | 13/14 [00:00:<00:00:, 128.71it/s][0G100%|█████████████████████████████████████████████| 14/14 [00:00:<00:00:, 135.92it/s]
Successfully populated cache with 14 entries
Tag cache does not need populating

wrangler deploy [path]

🆙 Deploy a Worker to Cloudflare

POSITIONALS
  path  The path to an entry point for your Worker or a directory of static assets  [string]

GLOBAL FLAGS
  -c, --config          Path to Wrangler configuration file  [string]
      --cwd             Run as if Wrangler was started in the specified directory instead of the current working directory  [string]
  -e, --env             Environment to use for operations, and for selecting .env and .dev.vars files  [string]
      --env-file        Path to an .env file to load - can be specified multiple times - values from earlier files are overridden by values in later files  [array]
  -h, --help            Show help  [boolean]
      --install-skills  Install Cloudflare skills for detected AI coding agents before running the command  [boolean] [default: false]
      --profile         Use a specific auth profile  [string]
  -v, --version         Show version number  [boolean]

OPTIONS
      --name                                       Name of the Worker  [string]
      --tag                                        A tag for this Worker Version  [string]
      --message                                    A descriptive message for this Worker Version  [string]
      --no-bundle                                  Skip internal build steps and directly upload Worker  [boolean] [default: false]
      --outdir                                     Output directory for the bundled Worker  [string]
      --outfile                                    Output file for the bundled worker  [string]
      --compatibility-date                         Date to use for compatibility checks  [string]
      --compatibility-flags, --compatibility-flag  Flags to use for compatibility checks  [array]
      --latest                                     Use the latest compatibility date supported by this version of Wrangler  [boolean] [default: false]
      --assets                                     Static assets to be served. Replaces Workers Sites.  [string]
      --var                                        A key-value pair to be injected into the script as a variable  [array]
      --define                                     A key-value pair to be substituted in the script  [array]
      --alias                                      A module pair to be substituted in the script  [array]
      --jsx-factory                                The function that is called for each JSX element  [string]
      --jsx-fragment                               The function that is called for each JSX fragment  [string]
      --tsconfig                                   Path to a custom tsconfig.json file  [string]
      --minify                                     Minify the Worker  [boolean]
      --upload-source-maps                         Include source maps when uploading this Worker  [boolean]
      --dry-run                                    Compile a project and run checks without actually uploading the Worker  [boolean]
      --secrets-file                               Path to a file containing secrets to upload with the version (JSON or .env format). Applies additively with secrets from previous deployments - omitted secrets will not be deleted.  [string]
      --keep-vars                                  When not used (or set to false), Wrangler will delete all vars before setting those found in the Wrangler configuration.
                                                   When used (and set to true), the environment variables are not deleted before the deployment.
                                                   If you set variables via the dashboard you probably want to use this flag.
                                                   Note that secrets are never deleted by deployments.  [boolean] [default: false]
      --strict                                     Enables strict mode, which prevents uploads when there are conflicting remote changes.  [boolean] [default: false]
      --triggers, --schedule, --schedules          cron schedules to attach  [array]
      --routes, --route                            Routes to upload  [array]
      --domains, --domain                          Custom domains to deploy to  [array]
      --metafile                                   Path to output build metadata from esbuild. If flag is used without a path, defaults to 'bundle-meta.json' inside the directory specified by --outdir.  [string]
      --logpush                                    Send Trace Events from this Worker to Workers Logpush.
                                                   This will not configure a corresponding Logpush job automatically.  [boolean]
      --old-asset-ttl                              Expire old assets in given seconds rather than immediate deletion.  [number]
      --dispatch-namespace                         Name of a dispatch namespace to deploy the Worker to (Workers for Platforms)  [string]
      --containers-rollout                         Rollout strategy for Containers changes. If set to immediate, it will override `rollout_percentage_steps` if configured and roll out to 100% of instances in one step. If set to none, the Worker will be deployed without building or updating any Containers.  [choices: "immediate", "gradual", "none"]
      --autoconfig                                 Enables framework detection and automatic configuration when deploying  [boolean] [default: true]
[31mX [41;31m[[41;97mERROR[41;31m][0m [1mUnknown argument: dangerouslyUseUnsupportedNextVersion[0m


🪵  Logs were written to "C:\Users\Administrator\AppData\Roaming\xdg.config\.wrangler\logs\wrangler-2026-09-07_09-21-36_766.log"
ERROR Wrangler deploy command failed:
[31mX [41;31m[[41;97mERROR[41;31m][0m [1mUnknown argument: dangerouslyUseUnsupportedNextVersion[0m


🪵  Logs were written to "C:\Users\Administrator\AppData\Roaming\xdg.config\.wrangler\logs\wrangler-2026-09-07_09-21-36_766.log"

