
 ⛅️ wrangler 4.127.1
────────────────────
Using secrets defined in .dev.vars
[33m▲ [43;33m[[43;30mWARNING[43;33m][0m [1mMissing required secrets: DUITKU_MERCHANT_CODE, DUITKU_API_KEY, CLOUDFLARE_API_TOKEN, FONNTE_TOKEN. Add them to .dev.vars, .env, or set as environment variables.[0m


Your Worker has access to the following bindings:
Binding                                                                             Resource                  Mode
env.NEXT_INC_CACHE_R2_BUCKET (kaos-kami-3d-opennext-cache)                          R2 Bucket                 local
env.WORKER_SELF_REFERENCE (kaos-kami-3d)                                            Worker                    local [connected]
env.IMAGES                                                                          Images                    local
env.ASSETS                                                                          Assets                    local
env.NEXT_PUBLIC_SITE_URL ("https://kaos-kami-3d.hengkisetiawan46...")               Environment Variable      local
env.NEXT_PUBLIC_GA_MEASUREMENT_ID ("(hidden)")                                      Environment Variable      local
env.BETTER_AUTH_URL ("(hidden)")                                                    Environment Variable      local
env.DATABASE_URL ("(hidden)")                                                       Environment Variable      local
env.TURSO_DATABASE_URL ("(hidden)")                                                 Environment Variable      local
env.CLOUDFLARE_ACCOUNT_ID ("6c660b71ad4e72f3bc343252a7c5e825")                      Environment Variable      local
env.R2_BUCKET_NAME ("kaos-kami-assets")                                             Environment Variable      local
env.R2_PUBLIC_URL ("https://pub-5746f36a46904edc8425ecd72...")                      Environment Variable      local
env.TURSO_AUTH_TOKEN ("(hidden)")                                                   Environment Variable      local
env.BETTER_AUTH_SECRET ("(hidden)")                                                 Environment Variable      local


Service bindings, Durable Object bindings, and Tail consumers connect to other Wrangler or Vite dev processes running locally, with their connection status indicated by [connected] or [not connected]. For more details, refer to https://developers.cloudflare.com/workers/runtime-apis/bindings/service-bindings/#local-development

Wrangler detected this dev session is running in an AI agent.
The Local Explorer API is available at http://127.0.0.1:8789/cdn-cgi/local/explorer/api
Useful routes:
  GET http://127.0.0.1:8789/cdn-cgi/local/explorer/api/local/workers - local Workers and bindings
  GET http://127.0.0.1:8789/cdn-cgi/local/explorer/api/storage/kv/namespaces - KV namespaces
  GET http://127.0.0.1:8789/cdn-cgi/local/explorer/api/d1/database - D1 databases
  GET http://127.0.0.1:8789/cdn-cgi/local/explorer/api/r2/buckets - R2 buckets
  GET http://127.0.0.1:8789/cdn-cgi/local/explorer/api/workers/durable_objects/namespaces - Durable Object namespaces
  GET http://127.0.0.1:8789/cdn-cgi/local/explorer/api/workflows - Workflows
  POST http://127.0.0.1:8789/cdn-cgi/local/explorer/api/local/observability/query - run a read-only SQL query (SELECT/WITH only) over captured request traces and console logs. Tables: spans, logs (read attributes via json(attributes)). Example:
    curl -X POST http://127.0.0.1:8789/cdn-cgi/local/explorer/api/local/observability/query -H 'Content-Type: application/json' -d '{"sql":"SELECT service, name, outcome, duration_ms FROM spans WHERE parent_id IS NULL LIMIT 20"}'
If the routes above don't cover what you need, fetch the full OpenAPI schema (large - use only as a last resort):
  GET http://127.0.0.1:8789/cdn-cgi/local/explorer/api - OpenAPI schema
⎔ Starting local server...
[wrangler:info] ✨ Parsed 6 valid header rules.
[wrangler:info] Ready on http://127.0.0.1:8789
[wrangler:info] GET /api/debug-libsql 200 OK (5303ms)
[31mX [41;31m[[41;97mERROR[41;31m][0m [1m ⨯ Error: Dynamic require of "@libsql/linux-x64-musl" is not supported[0m

      at null.<anonymous> (file:///D:/Vibe%20coding%20Semester%207/Kaos%20Kami/kaos-kami-web/.wrangler/tmp/dev-TO0L1b/worker.js:8:9)
      at requireNative (file:///D:/Vibe%20coding%20Semester%207/Kaos%20Kami/kaos-kami-web/.open-next/server-functions/default/kaos-kami-web/handler.mjs:111:72942)
      at .open-next/server-functions/default/node_modules/libsql/index.js (file:///D:/Vibe%20coding%20Semester%207/Kaos%20Kami/kaos-kami-web/.open-next/server-functions/default/kaos-kami-web/handler.mjs:111:73331)
      at null.<anonymous> (file:///D:/Vibe%20coding%20Semester%207/Kaos%20Kami/kaos-kami-web/.open-next/server-functions/default/kaos-kami-web/handler.mjs:2:742)
      at .open-next/server-functions/default/node_modules/@libsql/client/lib-esm/sqlite3.js (file:///D:/Vibe%20coding%20Semester%207/Kaos%20Kami/kaos-kami-web/.open-next/server-functions/default/kaos-kami-web/handler.mjs:111:83287)
      at null.<anonymous> (file:///D:/Vibe%20coding%20Semester%207/Kaos%20Kami/kaos-kami-web/.open-next/server-functions/default/kaos-kami-web/handler.mjs:2:616)
      at .open-next/server-functions/default/node_modules/@libsql/client/lib-esm/node.js (file:///D:/Vibe%20coding%20Semester%207/Kaos%20Kami/kaos-kami-web/.open-next/server-functions/default/kaos-kami-web/handler.mjs:117:92407)
      at null.<anonymous> (file:///D:/Vibe%20coding%20Semester%207/Kaos%20Kami/kaos-kami-web/.open-next/server-functions/default/kaos-kami-web/handler.mjs:2:616)
      at null.<anonymous> (file:///D:/Vibe%20coding%20Semester%207/Kaos%20Kami/kaos-kami-web/.open-next/server-functions/default/kaos-kami-web/handler.mjs:8679:155152)


[wrangler:info] GET /api/health 500 Internal Server Error (788ms)
[31mX [41;31m[[41;97mERROR[41;31m][0m [1m ⨯ Error: Dynamic require of "@libsql/linux-x64-musl" is not supported[0m

      at null.<anonymous> (file:///D:/Vibe%20coding%20Semester%207/Kaos%20Kami/kaos-kami-web/.wrangler/tmp/dev-TO0L1b/worker.js:8:9)
      at requireNative (file:///D:/Vibe%20coding%20Semester%207/Kaos%20Kami/kaos-kami-web/.open-next/server-functions/default/kaos-kami-web/handler.mjs:111:72942)
      at .open-next/server-functions/default/node_modules/libsql/index.js (file:///D:/Vibe%20coding%20Semester%207/Kaos%20Kami/kaos-kami-web/.open-next/server-functions/default/kaos-kami-web/handler.mjs:111:73331)
      at null.<anonymous> (file:///D:/Vibe%20coding%20Semester%207/Kaos%20Kami/kaos-kami-web/.open-next/server-functions/default/kaos-kami-web/handler.mjs:2:742)
      at .open-next/server-functions/default/node_modules/@libsql/client/lib-esm/sqlite3.js (file:///D:/Vibe%20coding%20Semester%207/Kaos%20Kami/kaos-kami-web/.open-next/server-functions/default/kaos-kami-web/handler.mjs:111:83287)
      at null.<anonymous> (file:///D:/Vibe%20coding%20Semester%207/Kaos%20Kami/kaos-kami-web/.open-next/server-functions/default/kaos-kami-web/handler.mjs:2:616)
      at .open-next/server-functions/default/node_modules/@libsql/client/lib-esm/node.js (file:///D:/Vibe%20coding%20Semester%207/Kaos%20Kami/kaos-kami-web/.open-next/server-functions/default/kaos-kami-web/handler.mjs:117:92407)
      at null.<anonymous> (file:///D:/Vibe%20coding%20Semester%207/Kaos%20Kami/kaos-kami-web/.open-next/server-functions/default/kaos-kami-web/handler.mjs:2:616)
      at null.<anonymous> (file:///D:/Vibe%20coding%20Semester%207/Kaos%20Kami/kaos-kami-web/.open-next/server-functions/default/kaos-kami-web/handler.mjs:8679:155152)


[wrangler:info] GET /api/health 500 Internal Server Error (95ms)
