
┌───────────────────────────────┐
│ OpenNext — Cloudflare preview │
└───────────────────────────────┘

WARN OpenNext is not fully compatible with Windows.
WARN For optimal performance, it is recommended to use Windows Subsystem for Linux (WSL).
WARN While OpenNext may function on Windows, it could encounter unpredictable failures during runtime.
Monorepo detected at D:\Vibe coding Semester 7\Kaos Kami
Using secrets defined in .dev.vars
[33m▲ [43;33m[[43;30mWARNING[43;33m][0m [1mMissing required secrets: DUITKU_MERCHANT_CODE, DUITKU_API_KEY, CLOUDFLARE_API_TOKEN, FONNTE_TOKEN. Add them to .dev.vars, .env, or set as environment variables.[0m



Populating local R2 incremental cache...
[0G  7%|███                                          | 1/13 [00:00:<00:00:, 0.00it/s][0G 15%|██████                                       | 2/13 [00:00:<00:00:, 37.74it/s][0G 23%|██████████                                   | 3/13 [00:00:<00:00:, 50.85it/s][0G 30%|█████████████                                | 4/13 [00:00:<00:00:, 50.00it/s][0G 38%|█████████████████                            | 5/13 [00:00:<00:00:, 58.14it/s][0G 46%|████████████████████                         | 6/13 [00:00:<00:00:, 65.22it/s][0G 53%|████████████████████████                     | 7/13 [00:00:<00:00:, 72.92it/s][0G 61%|███████████████████████████                  | 8/13 [00:00:<00:00:, 79.21it/s][0G 69%|███████████████████████████████              | 9/13 [00:00:<00:00:, 79.65it/s][0G 76%|██████████████████████████████████           | 10/13 [00:00:<00:00:, 81.30it/s][0G 84%|██████████████████████████████████████       | 11/13 [00:00:<00:00:, 85.94it/s][0G 92%|█████████████████████████████████████████    | 12/13 [00:00:<00:00:, 91.60it/s][0G100%|█████████████████████████████████████████████| 13/13 [00:00:<00:00:, 97.74it/s]
Successfully populated cache with 13 entries
Tag cache does not need populating

 ⛅️ wrangler 4.127.1 (update available 4.129.0)
───────────────────────────────────────────────
Using secrets defined in .dev.vars
Your Worker has access to the following bindings:
Binding                                                                             Resource                  Mode
env.NEXT_INC_CACHE_R2_BUCKET (kaos-kami-3d-opennext-cache)                          R2 Bucket                 local
env.WORKER_SELF_REFERENCE (kaos-kami-3d)                                            Worker                    local [connected]
env.IMAGES                                                                          Images                    local
env.ASSETS                                                                          Assets                    local
env.NEXT_PUBLIC_SITE_URL ("https://kaos-kami-3d.hengkisetiawan46...")               Environment Variable      local
env.NEXT_PUBLIC_GA_MEASUREMENT_ID ("(hidden)")                                      Environment Variable      local
env.BETTER_AUTH_URL ("(hidden)")                                                    Environment Variable      local
env.DATABASE_URL ("(hidden)")                                                       Environment Variable      local
env.TURSO_DATABASE_URL ("(hidden)")                                                 Environment Variable      local
env.CLOUDFLARE_ACCOUNT_ID ("6c660b71ad4e72f3bc343252a7c5e825")                      Environment Variable      local
env.R2_BUCKET_NAME ("kaos-kami-assets")                                             Environment Variable      local
env.R2_PUBLIC_URL ("https://pub-5746f36a46904edc8425ecd72...")                      Environment Variable      local
env.TURSO_AUTH_TOKEN ("(hidden)")                                                   Environment Variable      local
env.BETTER_AUTH_SECRET ("(hidden)")                                                 Environment Variable      local


Service bindings, Durable Object bindings, and Tail consumers connect to other Wrangler or Vite dev processes running locally, with their connection status indicated by [connected] or [not connected]. For more details, refer to https://developers.cloudflare.com/workers/runtime-apis/bindings/service-bindings/#local-development

Wrangler detected this dev session is running in an AI agent.
The Local Explorer API is available at http://127.0.0.1:8787/cdn-cgi/local/explorer/api
Useful routes:
  GET http://127.0.0.1:8787/cdn-cgi/local/explorer/api/local/workers - local Workers and bindings
  GET http://127.0.0.1:8787/cdn-cgi/local/explorer/api/storage/kv/namespaces - KV namespaces
  GET http://127.0.0.1:8787/cdn-cgi/local/explorer/api/d1/database - D1 databases
  GET http://127.0.0.1:8787/cdn-cgi/local/explorer/api/r2/buckets - R2 buckets
  GET http://127.0.0.1:8787/cdn-cgi/local/explorer/api/workers/durable_objects/namespaces - Durable Object namespaces
  GET http://127.0.0.1:8787/cdn-cgi/local/explorer/api/workflows - Workflows
  POST http://127.0.0.1:8787/cdn-cgi/local/explorer/api/local/observability/query - run a read-only SQL query (SELECT/WITH only) over captured request traces and console logs. Tables: spans, logs (read attributes via json(attributes)). Example:
    curl -X POST http://127.0.0.1:8787/cdn-cgi/local/explorer/api/local/observability/query -H 'Content-Type: application/json' -d '{"sql":"SELECT service, name, outcome, duration_ms FROM spans WHERE parent_id IS NULL LIMIT 20"}'
If the routes above don't cover what you need, fetch the full OpenAPI schema (large - use only as a last resort):
  GET http://127.0.0.1:8787/cdn-cgi/local/explorer/api - OpenAPI schema
⎔ Starting local server...
[wrangler:info] ✨ Parsed 6 valid header rules.
[wrangler:info] Ready on http://127.0.0.1:8787
prisma:error Code generation from strings disallowed for this context
[wrangler:info] GET /api/mobile/catalog 500 Internal Server Error (1125ms)
prisma:error Code generation from strings disallowed for this context
[wrangler:info] GET /api/mobile/orders/aaaaaaaaaa/status 500 Internal Server Error (55ms)
